KleioTranslator - server version 12.2 - build 560 (MHK: 2241/master) (2024-01-08 08:21:10, MHK: 09/01/2024 09:44 )
12-1-2024 23-36

Processing data file aniversarios_CSTC.cli
-------------------------------------------
Generic Act translation module with geoentities (XML).
     Joaquim Ramos de Carvalho (joaquim@uc.pt) 
** New document: kleio
=========================
kleio translation started
=========================
Structure: gacto2.str
Prefix: 
Autorel: 
Translation count: 1
Obs: 
** Processing source fonte$aniversarios_CSTC
6: inscricao$aniverA1
26: inscricao$aniverB2
45: inscricao$aniverC3
65: inscricao$aniverD4
83: inscricao$aniverE5
102: inscricao$aniverF6
117: inscricao$aniverG7
154: inscricao$aniverA8
182: inscricao$aniverB9
202: inscricao$aniverC10
216: inscricao$aniverD11
236: inscricao$aniverE12
254: inscricao$aniverF13
273: inscricao$aniverG14
292: inscricao$aniverA15
310: inscricao$aniverB16
343: inscricao$aniverC17
368: inscricao$aniverD18
386: inscricao$aniverE19
409: inscricao$aniverG21
427: inscricao$aniverA22
449: inscricao$aniverB23
464: inscricao$aniverC24
480: inscricao$aniverD25
495: inscricao$aniverE26
510: inscricao$aniverF27
527: inscricao$aniverG28
549: inscricao$aniverA29
564: inscricao$aniverB30
581: inscricao$aniverB31
599: inscricao$aniverD1
615: inscricao$aniverE2
637: inscricao$aniverF3
657: inscricao$aniverG4
675: inscricao$aniverA5
701: inscricao$aniverB6
718: inscricao$aniverC7
739: inscricao$aniverD8
754: inscricao$aniverE9
770: inscricao$aniverF10
791: inscricao$aniverG11
808: inscricao$aniverA12
829: inscricao$aniverB13
849: inscricao$aniverC14
865: inscricao$aniverD15
880: inscricao$aniverE16
904: inscricao$aniverF17
926: inscricao$aniverG18
944: inscricao$aniverA19
965: inscricao$aniverB20
987: inscricao$aniverC21
1004: inscricao$aniverD1b
1019: inscricao$aniverE2b
1037: inscricao$aniverF3b
1051: inscricao$aniverG4b
1068: inscricao$aniverA5b
1085: inscricao$aniverB6b
1101: inscricao$aniverC7b
1122: inscricao$aniverD8b
1139: inscricao$aniverE9b
1156: inscricao$aniverF10b
1174: inscricao$aniverG11b
1188: inscricao$aniverA12b
1204: inscricao$aniverB13b
1222: inscricao$aniverC14b
1238: inscricao$aniverD15b
1253: inscricao$aniverE16b
1272: inscricao$aniverF17b
1286: inscricao$aniverG18b
1303: inscricao$aniverA19b
1316: inscricao$aniverB20b
1336: inscricao$aniverC21d
1352: inscricao$aniverD22
1368: inscricao$aniverE23
1384: inscricao$aniverF24
1399: inscricao$aniverG25
1415: inscricao$aniverA26
1436: inscricao$aniverB27
1450: inscricao$aniverC28
1464: inscricao$aniverD29
1478: inscricao$aniverE30
1493: inscricao$aniverF31
1506: inscricao$aniverG1
1522: inscricao$aniverA2c
1538: inscricao$aniverB3
1552: inscricao$aniverC4
1569: inscricao$aniverD5
1582: inscricao$aniverE6
1598: inscricao$aniverF7
1616: inscricao$aniverG8
1630: inscricao$aniverA9
1646: inscricao$aniverB10
1662: inscricao$aniverC11
1678: inscricao$aniverD12
1695: inscricao$aniverE13
1709: inscricao$aniverF14
1724: inscricao$aniverG15
1741: inscricao$aniverA16
1757: inscricao$aniverB17
1782: inscricao$aniverC18
1796: inscricao$aniverD19
1810: inscricao$aniverE20
1829: inscricao$aniverF21
1843: inscricao$aniverG22
1859: inscricao$aniverA23
1875: inscricao$aniverB24
1891: inscricao$aniverC25
1916: inscricao$aniverD26
1934: inscricao$aniverE27
1970: inscricao$aniverF28
1982: inscricao$aniverG29c
1998: inscricao$aniverA30
2011: inscricao$aniverB1
2024: inscricao$aniverC2
2038: inscricao$aniverD3
2052: inscricao$aniverE4
2070: inscricao$aniverF5
2084: inscricao$aniverG6
2100: inscricao$aniverA7
2118: inscricao$aniverB8
2136: inscricao$aniverC9
2152: inscricao$aniverD10
2170: inscricao$aniverE11
2186: inscricao$aniverF12
2200: inscricao$aniverG13
2221: inscricao$aniverA14
2244: inscricao$aniverB15
2259: inscricao$aniverC16
2284: inscricao$aniverD17
2302: inscricao$aniverE18
2317: inscricao$aniverF19
2347: inscricao$aniverG20
2363: inscricao$aniverA21
2380: inscricao$aniverB22
2394: inscricao$aniverC23
2421: inscricao$aniverD24
2439: inscricao$aniverE25
2455: inscricao$aniverF26
2474: inscricao$aniverG27
2497: inscricao$aniverA28
2511: inscricao$aniverB29
2526: inscricao$aniverC30
2540: inscricao$aniverD31
2558: inscricao$aniverE01
2572: inscricao$aniverF02
2586: inscricao$aniverG03
2603: inscricao$aniverA04
2621: inscricao$aniverB05
2635: inscricao$aniverC06
2648: inscricao$aniverD07
2666: inscricao$aniverE08
2682: inscricao$aniverF09
2700: inscricao$aniverG10
2716: inscricao$aniverA11
2733: inscricao$aniverB12
2750: inscricao$aniverC13
2774: inscricao$aniverD14
2791: inscricao$aniverE15
2804: inscricao$aniverF16
2820: inscricao$aniverG17
2838: inscricao$aniverA18
2852: inscricao$aniverB19
2866: inscricao$aniverC20
2887: inscricao$aniverD21
2905: inscricao$aniverE22
2924: inscricao$aniverF23
2944: inscricao$aniverG24
2965: inscricao$aniverA25
2986: inscricao$aniverB26
3004: inscricao$aniverC27
3018: inscricao$aniverD28
3046: inscricao$aniverE29
3065: inscricao$aniverF30
3078: inscricao$aniverG01
3094: inscricao$aniverA02
3109: inscricao$aniverB03
3129: inscricao$aniverC04c
3146: inscricao$aniverD05
3160: inscricao$aniverE06
3176: inscricao$aniverF07
3189: inscricao$aniverG08
3206: inscricao$aniverA09
3222: inscricao$aniverB10c
3239: inscricao$aniverC11dd
3256: inscricao$aniverD12c
3272: inscricao$aniverE1307
3292: inscricao$aniverF1407
3310: inscricao$aniverG1507
3323: inscricao$aniverA1607
3343: inscricao$aniverB1707
3357: inscricao$aniverC1807
3375: inscricao$aniverD1907
3392: inscricao$aniverE2007
3412: inscricao$aniverF2107
3427: inscricao$aniverG22c
3444: inscricao$aniverA2307
3462: inscricao$aniverB2407
3481: inscricao$aniverC2507
3494: inscricao$aniverD2607
3512: inscricao$aniverE2707
3530: inscricao$aniverF2807
3543: inscricao$aniverG2907
3558: inscricao$aniverA3007
3573: inscricao$aniverB3107
3591: inscricao$aniverC01

WARNING: aniversarios_CSTC.cli line 3596 Element value exceeds database field length: sexo=C01-0108. Size:8 limit: 1
Near lines: 3596             atr$pagamento_Aniversário/40 soldos

3604: inscricao$aniverD02
3619: inscricao$aniverE03
3633: inscricao$aniverF04
3651: inscricao$aniverG05
3665: inscricao$aniverA06
3683: inscricao$aniverB0508
3697: inscricao$aniverC0608
3715: inscricao$aniverD0708
3727: inscricao$aniverE0808
3743: inscricao$aniverF0908
3760: inscricao$aniverG1008
3777: inscricao$aniverA1108
3793: inscricao$aniverB1208
3815: inscricao$aniverC1308
3834: inscricao$aniverD1408

WARNING: aniversarios_CSTC.cli line 3844 Element value exceeds database field length: sexo=CSTC-1408. Size:9 limit: 1
Near lines: 3844          donatario$Aniversário de domingos Anes/id=AN-1408

3854: inscricao$aniverE1508
3874: inscricao$aniverF1608
3894: inscricao$aniverG1708
3912: inscricao$aniverA1808
3924: inscricao$aniverB1908
3940: inscricao$aniverC2008
3961: inscricao$aniverD2108
3976: inscricao$aniverE2208
3997: inscricao$aniverF2308
4023: inscricao$aniverG2408
4037: inscricao$aniverA2508
4050: inscricao$aniverB2608

WARNING: aniversarios_CSTC.cli line 4056 Element value exceeds database field length: sexo=AN-2608. Size:7 limit: 1
Near lines: 4056             atr$pagamento_Aniversário/40 soldos

4065: inscricao$aniverC2708
4083: inscricao$aniverD2808
4104: inscricao$aniverE2908
4117: inscricao$aniverF01
4130: inscricao$aniverG02
4147: inscricao$aniverA03d
4163: inscricao$aniverB04
4180: inscricao$aniverC05
4201: inscricao$aniverD06
4219: inscricao$aniverE0709
4237: inscricao$aniverF1009
4254: inscricao$aniverG1109
4272: inscricao$aniverA1209
4287: inscricao$aniverB1309
4301: inscricao$aniverC1409
4317: inscricao$aniverD1509
4334: inscricao$aniverE1609
4355: inscricao$aniverF1709
4368: inscricao$aniverG1809
4386: inscricao$aniverA1909
4407: inscricao$aniverB2009
4421: inscricao$aniverC2109
4437: inscricao$aniverD2209
4451: inscricao$aniverE2309
4467: inscricao$aniverF2409
4488: inscricao$aniverG2509
4514: inscricao$aniverA2609
4528: inscricao$aniverB2709
4541: inscricao$aniverC2809
4559: inscricao$aniverD2909
4573: inscricao$aniverE2809
4587: inscricao$aniverF2909
4608: inscricao$aniverG30
4621: inscricao$aniverA01
4634: inscricao$aniverB02
4655: inscricao$aniverC03
4675: inscricao$aniverD04
4688: inscricao$aniverE05
4706: inscricao$aniverF06
4725: inscricao$aniverG0710
4738: inscricao$aniverA0810
4751: inscricao$aniverB0910
4772: inscricao$aniverC1010
4789: inscricao$aniverD1110
4806: inscricao$aniverE1210
4822: inscricao$aniverF1310
4837: inscricao$aniverG1410
4858: inscricao$aniverA1510
4872: inscricao$aniverB1610
4894: inscricao$aniverC1710
4912: inscricao$aniverD1810
4929: inscricao$aniverE1910
4950: inscricao$aniverF20
4966: inscricao$aniverG2110
4987: inscricao$aniverA2210
5003: inscricao$aniverB2310
5018: inscricao$aniverC2410
5032: inscricao$aniverD2510
5051: inscricao$aniverE2610
5067: inscricao$aniverF2710
5081: inscricao$aniverG2810
5100: inscricao$aniverA2910
5120: inscricao$aniverB3010
5136: inscricao$aniverC31
5158: inscricao$aniverD01
5178: inscricao$aniverE02
5199: inscricao$aniverF03
5217: inscricao$aniverG04
5235: inscricao$aniverA05
5256: inscricao$aniverC07
5274: inscricao$aniverD08
5295: inscricao$aniverE09
5311: inscricao$aniverF1011
5339: inscricao$aniverG1111
5367: inscricao$aniverA1211
5383: inscricao$aniverB1311
5403: inscricao$aniverC1411
5418: inscricao$aniverD1511
5433: inscricao$aniverE1611
5455: inscricao$aniverF1711
5476: inscricao$aniverG1811
5504: inscricao$aniverA1911
5521: inscricao$aniverB2011
5535: inscricao$aniverC2111
5556: inscricao$aniverD2211
5572: inscricao$aniverE2311
5593: inscricao$aniverF2411
5615: inscricao$aniverG2511
5633: inscricao$aniverA2611
5648: inscricao$aniverB2711
5670: inscricao$aniverC2811
5685: inscricao$aniverD29f
5709: inscricao$aniverE3011
5730: inscricao$aniverF0121
5751: inscricao$aniverG0212
5766: inscricao$aniverA0312
5784: inscricao$aniverB0412
5805: inscricao$aniverC0512
5822: inscricao$aniverD0612
5839: inscricao$aniverE0712
5855: inscricao$aniverF0812
5868: inscricao$aniverG0912
5890: inscricao$aniverA1012
5911: inscricao$aniverB1112
5930: inscricao$aniverC1212
5951: inscricao$aniverD13
5965: inscricao$aniverE14
5981: inscricao$aniverF15
5994: inscricao$aniverG16
6015: inscricao$aniverA17
6032: inscricao$aniverB18
6046: inscricao$aniverC19
6062: inscricao$aniverD20
6083: inscricao$aniverE21
6103: inscricao$aniverF22
6126: inscricao$aniverG23
6147: inscricao$aniverA24
6160: inscricao$aniverB25
6182: inscricao$aniverC26
6198: inscricao$aniverD27
6224: inscricao$aniverE2812
6239: inscricao$aniverF2912
6254: inscricao$aniverG3012
6273: inscricao$aniverA31
*** End of File


Structure file: /kleio-home/sources/COMMEMORtis_ST/structures/gacto2.str
Structure processing report: /kleio-home/sources/COMMEMORtis_ST/structures/gacto2.srpt
Structure in JSON: /kleio-home/sources/COMMEMORtis_ST/structures/gacto2.str.json

Kleio file: /kleio-home/sources/COMMEMORtis_ST/sources/aniversarios_CSTC.cli
Original file: /kleio-home/sources/COMMEMORtis_ST/sources/aniversarios_CSTC.org
Previous version: /kleio-home/sources/COMMEMORtis_ST/sources/aniversarios_CSTC.old
Temp file with ids: /kleio-home/sources/COMMEMORtis_ST/sources/aniversarios_CSTC.ids
** - /kleio-home/sources/COMMEMORtis_ST/sources/aniversarios_CSTC.cli-renamed to- /kleio-home/sources/COMMEMORtis_ST/sources/aniversarios_CSTC.old
0  errors. 
3  warnings.
Translation finished.
